2018/09/24 10:33:25.491 INFO  172 A.cdc551499db0039f956e1d0666bfd1504.ca3aa6b2f13c2c1bc9c646f6abf33ed07 - Changing service from :0 to HOUMSEOSIFM007:8787
2018/09/24 10:38:25.526 INFO  138 A.cdc551499db0039f956e1d0666bfd1504.ca3aa6b2f13c2c1bc9c646f6abf33ed07 - Changing service from :0 to HOUMSEOSIFM007:8787
2018/09/24 10:38:25.608 INFO  92 A.cdc551499db0039f956e1d0666bfd1504.ca3aa6b2f13c2c1bc9c646f6abf33ed07 - Changing service from :0 to HOUMSEOSIFM007:8787
2018/09/24 10:38:26.879 INFO  155 A.cdc551499db0039f956e1d0666bfd1504.ca3aa6b2f13c2c1bc9c646f6abf33ed07 - Changing service from :0 to HOUMSEOSIFM007:8787
2018/09/24 10:38:30.216 INFO  156 A.cdc551499db0039f956e1d0666bfd1504.ca3aa6b2f13c2c1bc9c646f6abf33ed07 - Changing service from :0 to HOUMSEOSIFM007:8787
2018/09/24 10:38:30.303 INFO  172 A.cdc551499db0039f956e1d0666bfd1504.ca3aa6b2f13c2c1bc9c646f6abf33ed07 - Changing service from :0 to HOUMSEOSIFM007:8787
2018/09/24 10:38:31.725 INFO  109 A.cdc551499db0039f956e1d0666bfd1504.ca3aa6b2f13c2c1bc9c646f6abf33ed07 - Changing service from :0 to HOUMSEOSIFM007:8787
2018/09/24 10:38:33.067 ERROR 114 A.cec9e090ae538d190220f059017b75b84.Process - System.TimeoutException: The request channel timed out while waiting for a reply after 00:04:55.9669989. Increase the timeout value passed to the call to Request or increase the SendTimeout value on the Binding. The time allotted to this operation may have been a portion of a longer timeout. ---> System.TimeoutException: The socket transfer timed out after 00:04:59.9920000. You have exceeded the timeout set on your binding. The time allotted to this operation may have been a portion of a longer timeout. ---> System.IO.IOException: The read operation failed, see inner exception. ---> System.TimeoutException: The socket transfer timed out after 00:04:59.9920000. You have exceeded the timeout set on your binding. The time allotted to this operation may have been a portion of a longer timeout. ---> System.Net.Sockets.SocketException: A connection attempt failed because the connected party did not properly respond after a period of time, or established connection failed because connected host has failed to respond
   at System.Net.Sockets.Socket.Receive(Byte[] buffer, Int32 offset, Int32 size, SocketFlags socketFlags)
   at System.ServiceModel.Channels.SocketConnection.ReadCore(Byte[] buffer, Int32 offset, Int32 size, TimeSpan timeout, Boolean closing)
   --- End of inner exception stack trace ---
   at System.ServiceModel.Channels.SocketConnection.ReadCore(Byte[] buffer, Int32 offset, Int32 size, TimeSpan timeout, Boolean closing)
   at System.ServiceModel.Channels.SocketConnection.Read(Byte[] buffer, Int32 offset, Int32 size, TimeSpan timeout)
   at System.ServiceModel.Channels.DelegatingConnection.Read(Byte[] buffer, Int32 offset, Int32 size, TimeSpan timeout)
   at System.ServiceModel.Channels.ConnectionStream.Read(Byte[] buffer, Int32 offset, Int32 count)
   at System.Net.FixedSizeReader.ReadPacket(Byte[] buffer, Int32 offset, Int32 count)
   at System.Net.Security.NegotiateStream.StartFrameHeader(Byte[] buffer, Int32 offset, Int32 count, AsyncProtocolRequest asyncRequest)
   at System.Net.Security.NegotiateStream.ProcessRead(Byte[] buffer, Int32 offset, Int32 count, AsyncProtocolRequest asyncRequest)
   --- End of inner exception stack trace ---
   at System.Net.Security.NegotiateStream.ProcessRead(Byte[] buffer, Int32 offset, Int32 count, AsyncProtocolRequest asyncRequest)
   at System.Net.Security.NegotiateStream.Read(Byte[] buffer, Int32 offset, Int32 count)
   at System.ServiceModel.Channels.StreamConnection.Read(Byte[] buffer, Int32 offset, Int32 size, TimeSpan timeout)
   --- End of inner exception stack trace ---
   at System.ServiceModel.Channels.StreamConnection.Read(Byte[] buffer, Int32 offset, Int32 size, TimeSpan timeout)
   at System.ServiceModel.Channels.SingletonConnectionReader.Receive(TimeSpan timeout)
   at System.ServiceModel.Channels.StreamedFramingRequestChannel.StreamedFramingRequest.WaitForReply(TimeSpan timeout)
   at System.ServiceModel.Channels.RequestChannel.Request(Message message, TimeSpan timeout)
   --- End of inner exception stack trace ---

Server stack trace: 
   at System.ServiceModel.Channels.RequestChannel.Request(Message message, TimeSpan timeout)
   at System.ServiceModel.Channels.TransactionRequestChannelGeneric`1.Request(Message message, TimeSpan timeout)
   at System.ServiceModel.Dispatcher.RequestChannelBinder.Request(Message message, TimeSpan timeout)
   at System.ServiceModel.Channels.ServiceChannel.Call(String action, Boolean oneway, ProxyOperationRuntime operation, Object[] ins, Object[] outs, TimeSpan timeout)
   at System.ServiceModel.Channels.ServiceChannelProxy.InvokeService(IMethodCallMessage methodCall, ProxyOperationRuntime operation)
   at System.ServiceModel.Channels.ServiceChannelProxy.Invoke(IMessage message)

Exception rethrown at [0]: 
   at System.Runtime.Remoting.Proxies.RealProxy.HandleReturnMessage(IMessage reqMsg, IMessage retMsg)
   at System.Runtime.Remoting.Proxies.RealProxy.PrivateInvoke(MessageData& msgData, Int32 type)
   at Petex.Service.RequestProcessor.IWcfStreamResponseProcessor.Process(MessageRequest request)
   at A.cec9e090ae538d190220f059017b75b84.Process(MessageRequest request)
Details:
System.TimeoutException: The request channel timed out while waiting for a reply after 00:04:55.9669989. Increase the timeout value passed to the call to Request or increase the SendTimeout value on the Binding. The time allotted to this operation may have been a portion of a longer timeout. ---> System.TimeoutException: The socket transfer timed out after 00:04:59.9920000. You have exceeded the timeout set on your binding. The time allotted to this operation may have been a portion of a longer timeout. ---> System.IO.IOException: The read operation failed, see inner exception. ---> System.TimeoutException: The socket transfer timed out after 00:04:59.9920000. You have exceeded the timeout set on your binding. The time allotted to this operation may have been a portion of a longer timeout. ---> System.Net.Sockets.SocketException: A connection attempt failed because the connected party did not properly respond after a period of time, or established connection failed because connected host has failed to respond
   at System.Net.Sockets.Socket.Receive(Byte[] buffer, Int32 offset, Int32 size, SocketFlags socketFlags)
   at System.ServiceModel.Channels.SocketConnection.ReadCore(Byte[] buffer, Int32 offset, Int32 size, TimeSpan timeout, Boolean closing)
   --- End of inner exception stack trace ---
   at System.ServiceModel.Channels.SocketConnection.ReadCore(Byte[] buffer, Int32 offset, Int32 size, TimeSpan timeout, Boolean closing)
   at System.ServiceModel.Channels.SocketConnection.Read(Byte[] buffer, Int32 offset, Int32 size, TimeSpan timeout)
   at System.ServiceModel.Channels.DelegatingConnection.Read(Byte[] buffer, Int32 offset, Int32 size, TimeSpan timeout)
   at System.ServiceModel.Channels.ConnectionStream.Read(Byte[] buffer, Int32 offset, Int32 count)
   at System.Net.FixedSizeReader.ReadPacket(Byte[] buffer, Int32 offset, Int32 count)
   at System.Net.Security.NegotiateStream.StartFrameHeader(Byte[] buffer, Int32 offset, Int32 count, AsyncProtocolRequest asyncRequest)
   at System.Net.Security.NegotiateStream.ProcessRead(Byte[] buffer, Int32 offset, Int32 count, AsyncProtocolRequest asyncRequest)
   --- End of inner exception stack trace ---
   at System.Net.Security.NegotiateStream.ProcessRead(Byte[] buffer, Int32 offset, Int32 count, AsyncProtocolRequest asyncRequest)
   at System.Net.Security.NegotiateStream.Read(Byte[] buffer, Int32 offset, Int32 count)
   at System.ServiceModel.Channels.StreamConnection.Read(Byte[] buffer, Int32 offset, Int32 size, TimeSpan timeout)
   --- End of inner exception stack trace ---
   at System.ServiceModel.Channels.StreamConnection.Read(Byte[] buffer, Int32 offset, Int32 size, TimeSpan timeout)
   at System.ServiceModel.Channels.SingletonConnectionReader.Receive(TimeSpan timeout)
   at System.ServiceModel.Channels.StreamedFramingRequestChannel.StreamedFramingRequest.WaitForReply(TimeSpan timeout)
   at System.ServiceModel.Channels.RequestChannel.Request(Message message, TimeSpan timeout)
   --- End of inner exception stack trace ---

Server stack trace: 
   at System.ServiceModel.Channels.RequestChannel.Request(Message message, TimeSpan timeout)
   at System.ServiceModel.Channels.TransactionRequestChannelGeneric`1.Request(Message message, TimeSpan timeout)
   at System.ServiceModel.Dispatcher.RequestChannelBinder.Request(Message message, TimeSpan timeout)
   at System.ServiceModel.Channels.ServiceChannel.Call(String action, Boolean oneway, ProxyOperationRuntime operation, Object[] ins, Object[] outs, TimeSpan timeout)
   at System.ServiceModel.Channels.ServiceChannelProxy.InvokeService(IMethodCallMessage methodCall, ProxyOperationRuntime operation)
   at System.ServiceModel.Channels.ServiceChannelProxy.Invoke(IMessage message)

Exception rethrown at [0]: 
   at System.Runtime.Remoting.Proxies.RealProxy.HandleReturnMessage(IMessage reqMsg, IMessage retMsg)
   at System.Runtime.Remoting.Proxies.RealProxy.PrivateInvoke(MessageData& msgData, Int32 type)
   at Petex.Service.RequestProcessor.IWcfStreamResponseProcessor.Process(MessageRequest request)
   at A.cec9e090ae538d190220f059017b75b84.Process(MessageRequest request)
2018/09/24 10:38:33.069 ERROR 114 A.cec9e090ae538d190220f059017b75b84 (Thread 114) ProcID (36972) - System.TimeoutException: The request channel timed out while waiting for a reply after 00:04:55.9669989. Increase the timeout value passed to the call to Request or increase the SendTimeout value on the Binding. The time allotted to this operation may have been a portion of a longer timeout. ---> System.TimeoutException: The socket transfer timed out after 00:04:59.9920000. You have exceeded the timeout set on your binding. The time allotted to this operation may have been a portion of a longer timeout. ---> System.IO.IOException: The read operation failed, see inner exception. ---> System.TimeoutException: The socket transfer timed out after 00:04:59.9920000. You have exceeded the timeout set on your binding. The time allotted to this operation may have been a portion of a longer timeout. ---> System.Net.Sockets.SocketException: A connection attempt failed because the connected party did not properly respond after a period of time, or established connection failed because connected host has failed to respond
   at System.Net.Sockets.Socket.Receive(Byte[] buffer, Int32 offset, Int32 size, SocketFlags socketFlags)
   at System.ServiceModel.Channels.SocketConnection.ReadCore(Byte[] buffer, Int32 offset, Int32 size, TimeSpan timeout, Boolean closing)
   --- End of inner exception stack trace ---
   at System.ServiceModel.Channels.SocketConnection.ReadCore(Byte[] buffer, Int32 offset, Int32 size, TimeSpan timeout, Boolean closing)
   at System.ServiceModel.Channels.SocketConnection.Read(Byte[] buffer, Int32 offset, Int32 size, TimeSpan timeout)
   at System.ServiceModel.Channels.DelegatingConnection.Read(Byte[] buffer, Int32 offset, Int32 size, TimeSpan timeout)
   at System.ServiceModel.Channels.ConnectionStream.Read(Byte[] buffer, Int32 offset, Int32 count)
   at System.Net.FixedSizeReader.ReadPacket(Byte[] buffer, Int32 offset, Int32 count)
   at System.Net.Security.NegotiateStream.StartFrameHeader(Byte[] buffer, Int32 offset, Int32 count, AsyncProtocolRequest asyncRequest)
   at System.Net.Security.NegotiateStream.ProcessRead(Byte[] buffer, Int32 offset, Int32 count, AsyncProtocolRequest asyncRequest)
   --- End of inner exception stack trace ---
   at System.Net.Security.NegotiateStream.ProcessRead(Byte[] buffer, Int32 offset, Int32 count, AsyncProtocolRequest asyncRequest)
   at System.Net.Security.NegotiateStream.Read(Byte[] buffer, Int32 offset, Int32 count)
   at System.ServiceModel.Channels.StreamConnection.Read(Byte[] buffer, Int32 offset, Int32 size, TimeSpan timeout)
   --- End of inner exception stack trace ---
   at System.ServiceModel.Channels.StreamConnection.Read(Byte[] buffer, Int32 offset, Int32 size, TimeSpan timeout)
   at System.ServiceModel.Channels.SingletonConnectionReader.Receive(TimeSpan timeout)
   at System.ServiceModel.Channels.StreamedFramingRequestChannel.StreamedFramingRequest.WaitForReply(TimeSpan timeout)
   at System.ServiceModel.Channels.RequestChannel.Request(Message message, TimeSpan timeout)
   --- End of inner exception stack trace ---

Server stack trace: 
   at System.ServiceModel.Channels.RequestChannel.Request(Message message, TimeSpan timeout)
   at System.ServiceModel.Channels.TransactionRequestChannelGeneric`1.Request(Message message, TimeSpan timeout)
   at System.ServiceModel.Dispatcher.RequestChannelBinder.Request(Message message, TimeSpan timeout)
   at System.ServiceModel.Channels.ServiceChannel.Call(String action, Boolean oneway, ProxyOperationRuntime operation, Object[] ins, Object[] outs, TimeSpan timeout)
   at System.ServiceModel.Channels.ServiceChannelProxy.InvokeService(IMethodCallMessage methodCall, ProxyOperationRuntime operation)
   at System.ServiceModel.Channels.ServiceChannelProxy.Invoke(IMessage message)

Exception rethrown at [0]: 
   at System.Runtime.Remoting.Proxies.RealProxy.HandleReturnMessage(IMessage reqMsg, IMessage retMsg)
   at System.Runtime.Remoting.Proxies.RealProxy.PrivateInvoke(MessageData& msgData, Int32 type)
   at Petex.Service.RequestProcessor.IWcfStreamResponseProcessor.Process(MessageRequest request)
   at A.cec9e090ae538d190220f059017b75b84.Process(MessageRequest request)

method : Process([Petex.Service.RequestProcessor.MessageRequest] request = Petex.Service.RequestProcessor.MessageRequest)

2018/09/24 10:38:33.071 ERROR 76 Petex.IFM.IVM.VisualWorkflowService.c1c13b709b3df317d725c923928032d5a - An error occurred while getting bulk results.
Details:
System.TimeoutException: The request channel timed out while waiting for a reply after 00:04:55.9669989. Increase the timeout value passed to the call to Request or increase the SendTimeout value on the Binding. The time allotted to this operation may have been a portion of a longer timeout. ---> System.TimeoutException: The socket transfer timed out after 00:04:59.9920000. You have exceeded the timeout set on your binding. The time allotted to this operation may have been a portion of a longer timeout. ---> System.IO.IOException: The read operation failed, see inner exception. ---> System.TimeoutException: The socket transfer timed out after 00:04:59.9920000. You have exceeded the timeout set on your binding. The time allotted to this operation may have been a portion of a longer timeout. ---> System.Net.Sockets.SocketException: A connection attempt failed because the connected party did not properly respond after a period of time, or established connection failed because connected host has failed to respond
   at System.Net.Sockets.Socket.Receive(Byte[] buffer, Int32 offset, Int32 size, SocketFlags socketFlags)
   at System.ServiceModel.Channels.SocketConnection.ReadCore(Byte[] buffer, Int32 offset, Int32 size, TimeSpan timeout, Boolean closing)
   --- End of inner exception stack trace ---
   at System.ServiceModel.Channels.SocketConnection.ReadCore(Byte[] buffer, Int32 offset, Int32 size, TimeSpan timeout, Boolean closing)
   at System.ServiceModel.Channels.SocketConnection.Read(Byte[] buffer, Int32 offset, Int32 size, TimeSpan timeout)
   at System.ServiceModel.Channels.DelegatingConnection.Read(Byte[] buffer, Int32 offset, Int32 size, TimeSpan timeout)
   at System.ServiceModel.Channels.ConnectionStream.Read(Byte[] buffer, Int32 offset, Int32 count)
   at System.Net.FixedSizeReader.ReadPacket(Byte[] buffer, Int32 offset, Int32 count)
   at System.Net.Security.NegotiateStream.StartFrameHeader(Byte[] buffer, Int32 offset, Int32 count, AsyncProtocolRequest asyncRequest)
   at System.Net.Security.NegotiateStream.ProcessRead(Byte[] buffer, Int32 offset, Int32 count, AsyncProtocolRequest asyncRequest)
   --- End of inner exception stack trace ---
   at System.Net.Security.NegotiateStream.ProcessRead(Byte[] buffer, Int32 offset, Int32 count, AsyncProtocolRequest asyncRequest)
   at System.Net.Security.NegotiateStream.Read(Byte[] buffer, Int32 offset, Int32 count)
   at System.ServiceModel.Channels.StreamConnection.Read(Byte[] buffer, Int32 offset, Int32 size, TimeSpan timeout)
   --- End of inner exception stack trace ---
   at System.ServiceModel.Channels.StreamConnection.Read(Byte[] buffer, Int32 offset, Int32 size, TimeSpan timeout)
   at System.ServiceModel.Channels.SingletonConnectionReader.Receive(TimeSpan timeout)
   at System.ServiceModel.Channels.StreamedFramingRequestChannel.StreamedFramingRequest.WaitForReply(TimeSpan timeout)
   at System.ServiceModel.Channels.RequestChannel.Request(Message message, TimeSpan timeout)
   --- End of inner exception stack trace ---

Server stack trace: 
   at System.ServiceModel.Channels.RequestChannel.Request(Message message, TimeSpan timeout)
   at System.ServiceModel.Channels.TransactionRequestChannelGeneric`1.Request(Message message, TimeSpan timeout)
   at System.ServiceModel.Dispatcher.RequestChannelBinder.Request(Message message, TimeSpan timeout)
   at System.ServiceModel.Channels.ServiceChannel.Call(String action, Boolean oneway, ProxyOperationRuntime operation, Object[] ins, Object[] outs, TimeSpan timeout)
   at System.ServiceModel.Channels.ServiceChannelProxy.InvokeService(IMethodCallMessage methodCall, ProxyOperationRuntime operation)
   at System.ServiceModel.Channels.ServiceChannelProxy.Invoke(IMessage message)

Exception rethrown at [0]: 
   at A.c22aefe7f39df3d678dba160428b769f4.c0c4ec95a682cbefc208f4f3eb80ff6ad[c5e2460f6ebc534efe90b3230b7797cb4](Func`1 c3c081f340dcdf79e192d50757bce0bee)
   at A.c42ccb3c762729e5c1ed9dd9fb21f7a51.c2a035223c95353a451d486528bb968ce(DateTime ca50651d185b346c217028862887f6062, List`1 c94623007ea3b221db43a7a5c991a9cac, Int32 c27485bd6dedf79f29eccbe33aefab814, DateTime cc0b7aac23bdedea569c99b9f01ab5798, DateTime ca917bd7d663d59239d097b255d937590)
   at Petex.IFM.IVM.VisualWorkflowService.c1c13b709b3df317d725c923928032d5a(c0a78f935034ea252425562b3db1ea988 cc462e40687a776088a0f60dcc4dee4c5, VisualWorkflowResultOptions c97464e7151b310fab45ca8e18c9bbc4d)
2018/09/24 10:38:56.630 INFO  167 A.cdc551499db0039f956e1d0666bfd1504.ca3aa6b2f13c2c1bc9c646f6abf33ed07 - Changing service from :0 to HOUMSEOSIFM007:8787
2018/09/24 10:39:01.002 INFO  154 A.cdc551499db0039f956e1d0666bfd1504.ca3aa6b2f13c2c1bc9c646f6abf33ed07 - Changing service from :0 to HOUMSEOSIFM007:8787
2018/09/24 10:39:26.786 INFO  165 A.cdc551499db0039f956e1d0666bfd1504.ca3aa6b2f13c2c1bc9c646f6abf33ed07 - Changing service from :0 to HOUMSEOSIFM007:8787
2018/09/24 10:39:30.262 INFO  129 A.cdc551499db0039f956e1d0666bfd1504.ca3aa6b2f13c2c1bc9c646f6abf33ed07 - Changing service from :0 to HOUMSEOSIFM007:8787
2018/09/24 10:39:56.144 INFO  58 A.cdc551499db0039f956e1d0666bfd1504.ca3aa6b2f13c2c1bc9c646f6abf33ed07 - Changing service from :0 to HOUMSEOSIFM007:8787
2018/09/24 10:40:31.400 INFO  112 A.cdc551499db0039f956e1d0666bfd1504.ca3aa6b2f13c2c1bc9c646f6abf33ed07 - Changing service from :0 to HOUMSEOSIFM007:8787
2018/09/24 10:41:33.070 INFO  117 A.cdc551499db0039f956e1d0666bfd1504.ca3aa6b2f13c2c1bc9c646f6abf33ed07 - Changing service from :0 to HOUMSEOSIFM007:8787
2018/09/24 10:42:00.296 INFO  106 A.cdc551499db0039f956e1d0666bfd1504.ca3aa6b2f13c2c1bc9c646f6abf33ed07 - Changing service from :0 to HOUMSEOSIFM007:8787
2018/09/24 10:42:26.988 INFO  92 A.cdc551499db0039f956e1d0666bfd1504.ca3aa6b2f13c2c1bc9c646f6abf33ed07 - Changing service from :0 to HOUMSEOSIFM007:8787
2018/09/24 10:42:36.987 INFO  8 A.cdc551499db0039f956e1d0666bfd1504.ca3aa6b2f13c2c1bc9c646f6abf33ed07 - Changing service from :0 to HOUMSEOSIFM007:8787
2018/09/24 10:43:30.280 INFO  155 A.cdc551499db0039f956e1d0666bfd1504.ca3aa6b2f13c2c1bc9c646f6abf33ed07 - Changing service from :0 to HOUMSEOSIFM007:8787
2018/09/24 10:44:00.246 INFO  70 A.cdc551499db0039f956e1d0666bfd1504.ca3aa6b2f13c2c1bc9c646f6abf33ed07 - Changing service from :0 to HOUMSEOSIFM007:8787
2018/09/24 10:44:30.277 INFO  155 A.cdc551499db0039f956e1d0666bfd1504.ca3aa6b2f13c2c1bc9c646f6abf33ed07 - Changing service from :0 to HOUMSEOSIFM007:8787
2018/09/24 10:45:00.467 INFO  108 A.cdc551499db0039f956e1d0666bfd1504.ca3aa6b2f13c2c1bc9c646f6abf33ed07 - Changing service from :0 to HOUMSEOSIFM007:8787
2018/09/24 10:45:30.395 INFO  163 A.cdc551499db0039f956e1d0666bfd1504.ca3aa6b2f13c2c1bc9c646f6abf33ed07 - Changing service from :0 to HOUMSEOSIFM007:8787
2018/09/24 10:46:00.350 INFO  96 A.cdc551499db0039f956e1d0666bfd1504.ca3aa6b2f13c2c1bc9c646f6abf33ed07 - Changing service from :0 to HOUMSEOSIFM007:8787
2018/09/24 10:46:30.360 INFO  169 A.cdc551499db0039f956e1d0666bfd1504.ca3aa6b2f13c2c1bc9c646f6abf33ed07 - Changing service from :0 to HOUMSEOSIFM007:8787
2018/09/24 10:47:00.358 INFO  106 A.cdc551499db0039f956e1d0666bfd1504.ca3aa6b2f13c2c1bc9c646f6abf33ed07 - Changing service from :0 to HOUMSEOSIFM007:8787
2018/09/24 10:47:30.746 INFO  164 A.cdc551499db0039f956e1d0666bfd1504.ca3aa6b2f13c2c1bc9c646f6abf33ed07 - Changing service from :0 to HOUMSEOSIFM007:8787
2018/09/24 10:48:30.729 INFO  91 A.cdc551499db0039f956e1d0666bfd1504.ca3aa6b2f13c2c1bc9c646f6abf33ed07 - Changing service from :0 to HOUMSEOSIFM007:8787
2018/09/24 10:49:00.763 INFO  74 A.cdc551499db0039f956e1d0666bfd1504.ca3aa6b2f13c2c1bc9c646f6abf33ed07 - Changing service from :0 to HOUMSEOSIFM007:8787
2018/09/24 10:49:31.617 INFO  165 A.cdc551499db0039f956e1d0666bfd1504.ca3aa6b2f13c2c1bc9c646f6abf33ed07 - Changing service from :0 to HOUMSEOSIFM007:8787
2018/09/24 10:50:01.628 INFO  75 A.cdc551499db0039f956e1d0666bfd1504.ca3aa6b2f13c2c1bc9c646f6abf33ed07 - Changing service from :0 to HOUMSEOSIFM007:8787
2018/09/24 10:50:31.622 INFO  114 A.cdc551499db0039f956e1d0666bfd1504.ca3aa6b2f13c2c1bc9c646f6abf33ed07 - Changing service from :0 to HOUMSEOSIFM007:8787
2018/09/24 10:51:09.968 INFO  109 A.cdc551499db0039f956e1d0666bfd1504.ca3aa6b2f13c2c1bc9c646f6abf33ed07 - Changing service from :0 to HOUMSEOSIFM007:8787
2018/09/24 10:51:31.674 INFO  58 A.cdc551499db0039f956e1d0666bfd1504.ca3aa6b2f13c2c1bc9c646f6abf33ed07 - Changing service from :0 to HOUMSEOSIFM007:8787
2018/09/24 10:52:02.468 INFO  122 A.cdc551499db0039f956e1d0666bfd1504.ca3aa6b2f13c2c1bc9c646f6abf33ed07 - Changing service from :0 to HOUMSEOSIFM007:8787
2018/09/24 10:52:31.648 INFO  166 A.cdc551499db0039f956e1d0666bfd1504.ca3aa6b2f13c2c1bc9c646f6abf33ed07 - Changing service from :0 to HOUMSEOSIFM007:8787
2018/09/24 10:53:01.684 INFO  77 A.cdc551499db0039f956e1d0666bfd1504.ca3aa6b2f13c2c1bc9c646f6abf33ed07 - Changing service from :0 to HOUMSEOSIFM007:8787
2018/09/24 10:53:31.668 INFO  96 A.cdc551499db0039f956e1d0666bfd1504.ca3aa6b2f13c2c1bc9c646f6abf33ed07 - Changing service from :0 to HOUMSEOSIFM007:8787
2018/09/24 10:54:01.659 INFO  149 A.cdc551499db0039f956e1d0666bfd1504.ca3aa6b2f13c2c1bc9c646f6abf33ed07 - Changing service from :0 to HOUMSEOSIFM007:8787
2018/09/24 10:54:31.683 INFO  167 A.cdc551499db0039f956e1d0666bfd1504.ca3aa6b2f13c2c1bc9c646f6abf33ed07 - Changing service from :0 to HOUMSEOSIFM007:8787
2018/09/24 10:55:01.686 INFO  123 A.cdc551499db0039f956e1d0666bfd1504.ca3aa6b2f13c2c1bc9c646f6abf33ed07 - Changing service from :0 to HOUMSEOSIFM007:8787
2018/09/24 10:55:31.655 INFO  132 A.cdc551499db0039f956e1d0666bfd1504.ca3aa6b2f13c2c1bc9c646f6abf33ed07 - Changing service from :0 to HOUMSEOSIFM007:8787
2018/09/24 10:56:01.785 INFO  182 A.cdc551499db0039f956e1d0666bfd1504.ca3aa6b2f13c2c1bc9c646f6abf33ed07 - Changing service from :0 to HOUMSEOSIFM007:8787
2018/09/24 10:56:57.166 INFO  57 A.cdc551499db0039f956e1d0666bfd1504.ca3aa6b2f13c2c1bc9c646f6abf33ed07 - Changing service from :0 to HOUMSEOSIFM007:8787
2018/09/24 10:56:57.231 INFO  65 A.cdc551499db0039f956e1d0666bfd1504.ca3aa6b2f13c2c1bc9c646f6abf33ed07 - Changing service from :0 to HOUMSEOSIFM007:8787
2018/09/24 10:56:59.251 INFO  174 A.cdc551499db0039f956e1d0666bfd1504.ca3aa6b2f13c2c1bc9c646f6abf33ed07 - Changing service from :0 to HOUMSEOSIFM007:8787
2018/09/24 10:57:57.229 INFO  243 A.cdc551499db0039f956e1d0666bfd1504.ca3aa6b2f13c2c1bc9c646f6abf33ed07 - Changing service from :0 to HOUMSEOSIFM007:8787
2018/09/24 10:59:27.245 INFO  208 A.cdc551499db0039f956e1d0666bfd1504.ca3aa6b2f13c2c1bc9c646f6abf33ed07 - Changing service from :0 to HOUMSEOSIFM007:8787
2018/09/24 11:00:57.215 INFO  132 A.cdc551499db0039f956e1d0666bfd1504.ca3aa6b2f13c2c1bc9c646f6abf33ed07 - Changing service from :0 to HOUMSEOSIFM007:8787
2018/09/24 11:03:58.099 INFO  86 A.cdc551499db0039f956e1d0666bfd1504.ca3aa6b2f13c2c1bc9c646f6abf33ed07 - Changing service from :0 to HOUMSEOSIFM007:8787
2018/09/24 11:07:28.939 INFO  87 A.cdc551499db0039f956e1d0666bfd1504.ca3aa6b2f13c2c1bc9c646f6abf33ed07 - Changing service from :0 to HOUMSEOSIFM007:8787
2018/09/24 11:10:28.113 INFO  294 A.cdc551499db0039f956e1d0666bfd1504.ca3aa6b2f13c2c1bc9c646f6abf33ed07 - Changing service from :0 to HOUMSEOSIFM007:8787
2018/09/24 11:13:58.254 INFO  296 A.cdc551499db0039f956e1d0666bfd1504.ca3aa6b2f13c2c1bc9c646f6abf33ed07 - Changing service from :0 to HOUMSEOSIFM007:8787
2018/09/24 11:17:58.291 INFO  76 A.cdc551499db0039f956e1d0666bfd1504.ca3aa6b2f13c2c1bc9c646f6abf33ed07 - Changing service from :0 to HOUMSEOSIFM007:8787
2018/09/24 11:18:47.568 INFO  110 A.ca9303324ae27c9d224e829df918b1ee8.c6ae4a85f8bc1eee64ee593e8582f1fd3 - Check Out for model file : gor_selector.vwk folder id : 7 model file id : 2002 recursive at '9/24/2018 4:18:39 PM' ==> Started.
2018/09/24 11:18:48.382 INFO  110 A.c4470f4755928c36006ee765342f69f7f.c7b3939ca30a6fdd77ba7c57a2626e798 - CheckOut returning 1 versions
2018/09/24 11:18:48.486 INFO  110 A.ca9303324ae27c9d224e829df918b1ee8.c6ae4a85f8bc1eee64ee593e8582f1fd3 - Check Out for model file : gor_selector.vwk folder id : 7 model file id : 2002 recursive at '9/24/2018 4:18:39 PM' ==> Completed. Took 00:00:00.917
2018/09/24 11:18:54.045 INFO  110 A.ca9303324ae27c9d224e829df918b1ee8.c6ae4a85f8bc1eee64ee593e8582f1fd3 - Check In for model file : gor_selector.vwk folder id : 7 model file id : 2002 recursive at '9/24/2018 4:18:39 PM' ==> Started.
2018/09/24 11:18:59.028 INFO  240 A.cdc551499db0039f956e1d0666bfd1504.ca3aa6b2f13c2c1bc9c646f6abf33ed07 - Changing service from :0 to HOUMSEOSIFM007:8787
2018/09/24 11:19:02.220 INFO  110 A.cc1eda933be2f908ef7cc4095fd7c0265.c0af5fec058a1eb518acdbd0656791883 - MaxDegreeOfParallelism = 20
2018/09/24 11:19:02.806 INFO  110 A.ca9303324ae27c9d224e829df918b1ee8.c6ae4a85f8bc1eee64ee593e8582f1fd3 - Check In for model file : gor_selector.vwk folder id : 7 model file id : 2002 recursive at '9/24/2018 4:18:39 PM' ==> Completed. Took 00:00:08.760
2018/09/24 11:19:08.999 INFO  110 A.ca9303324ae27c9d224e829df918b1ee8.c6ae4a85f8bc1eee64ee593e8582f1fd3 - Get a Copy for model file : gor_selector.vwk folder id : 7 model file id : 2002 recursive at '9/24/2018 4:19:08 PM' ==> Started.
2018/09/24 11:19:09.845 INFO  110 A.cb4ba194f9cec8b7250db44bbb7d505e0.c9c5543da23ce6131a185d2f0b5b53485 - MaxDegreeOfParallelism = 20
2018/09/24 11:19:10.211 INFO  110 A.ca9303324ae27c9d224e829df918b1ee8.c6ae4a85f8bc1eee64ee593e8582f1fd3 - Get a Copy for model file : gor_selector.vwk folder id : 7 model file id : 2002 recursive at '9/24/2018 4:19:08 PM' ==> Completed. Took 00:00:01.211
2018/09/24 11:19:59.038 INFO  185 A.cdc551499db0039f956e1d0666bfd1504.ca3aa6b2f13c2c1bc9c646f6abf33ed07 - Changing service from :0 to HOUMSEOSIFM007:8787
2018/09/24 11:20:59.762 INFO  76 A.cdc551499db0039f956e1d0666bfd1504.ca3aa6b2f13c2c1bc9c646f6abf33ed07 - Changing service from :0 to HOUMSEOSIFM007:8787
2018/09/24 11:21:29.700 INFO  64 A.cdc551499db0039f956e1d0666bfd1504.ca3aa6b2f13c2c1bc9c646f6abf33ed07 - Changing service from :0 to HOUMSEOSIFM007:8787
2018/09/24 11:21:59.724 INFO  112 A.cdc551499db0039f956e1d0666bfd1504.ca3aa6b2f13c2c1bc9c646f6abf33ed07 - Changing service from :0 to HOUMSEOSIFM007:8787
2018/09/24 11:22:29.734 INFO  284 A.cdc551499db0039f956e1d0666bfd1504.ca3aa6b2f13c2c1bc9c646f6abf33ed07 - Changing service from :0 to HOUMSEOSIFM007:8787
2018/09/24 11:23:29.827 INFO  171 A.cdc551499db0039f956e1d0666bfd1504.ca3aa6b2f13c2c1bc9c646f6abf33ed07 - Changing service from :0 to HOUMSEOSIFM007:8787
2018/09/24 11:24:29.740 INFO  323 A.cdc551499db0039f956e1d0666bfd1504.ca3aa6b2f13c2c1bc9c646f6abf33ed07 - Changing service from :0 to HOUMSEOSIFM007:8787
2018/09/24 11:24:59.777 INFO  386 A.cdc551499db0039f956e1d0666bfd1504.ca3aa6b2f13c2c1bc9c646f6abf33ed07 - Changing service from :0 to HOUMSEOSIFM007:8787
2018/09/24 11:25:29.741 INFO  242 A.cdc551499db0039f956e1d0666bfd1504.ca3aa6b2f13c2c1bc9c646f6abf33ed07 - Changing service from :0 to HOUMSEOSIFM007:8787
2018/09/24 11:25:59.752 INFO  258 A.cdc551499db0039f956e1d0666bfd1504.ca3aa6b2f13c2c1bc9c646f6abf33ed07 - Changing service from :0 to HOUMSEOSIFM007:8787
2018/09/24 11:26:59.762 INFO  386 A.cdc551499db0039f956e1d0666bfd1504.ca3aa6b2f13c2c1bc9c646f6abf33ed07 - Changing service from :0 to HOUMSEOSIFM007:8787
2018/09/24 11:27:29.743 INFO  348 A.cdc551499db0039f956e1d0666bfd1504.ca3aa6b2f13c2c1bc9c646f6abf33ed07 - Changing service from :0 to HOUMSEOSIFM007:8787
2018/09/24 11:28:29.724 INFO  94 A.cdc551499db0039f956e1d0666bfd1504.ca3aa6b2f13c2c1bc9c646f6abf33ed07 - Changing service from :0 to HOUMSEOSIFM007:8787
2018/09/24 11:28:59.870 INFO  53 A.cdc551499db0039f956e1d0666bfd1504.ca3aa6b2f13c2c1bc9c646f6abf33ed07 - Changing service from :0 to HOUMSEOSIFM007:8787
2018/09/24 11:29:59.765 INFO  395 A.cdc551499db0039f956e1d0666bfd1504.ca3aa6b2f13c2c1bc9c646f6abf33ed07 - Changing service from :0 to HOUMSEOSIFM007:8787
2018/09/24 11:30:29.731 INFO  402 A.cdc551499db0039f956e1d0666bfd1504.ca3aa6b2f13c2c1bc9c646f6abf33ed07 - Changing service from :0 to HOUMSEOSIFM007:8787
2018/09/24 11:30:59.765 INFO  7 A.cdc551499db0039f956e1d0666bfd1504.ca3aa6b2f13c2c1bc9c646f6abf33ed07 - Changing service from :0 to HOUMSEOSIFM007:8787
2018/09/24 11:31:29.729 INFO  414 A.cdc551499db0039f956e1d0666bfd1504.ca3aa6b2f13c2c1bc9c646f6abf33ed07 - Changing service from :0 to HOUMSEOSIFM007:8787
2018/09/24 11:31:59.782 INFO  109 A.cdc551499db0039f956e1d0666bfd1504.ca3aa6b2f13c2c1bc9c646f6abf33ed07 - Changing service from :0 to HOUMSEOSIFM007:8787
2018/09/24 11:32:04.960 INFO  281 A.ca9303324ae27c9d224e829df918b1ee8.c6ae4a85f8bc1eee64ee593e8582f1fd3 - Get a Copy for model file : Petroleum Experts IVM Model Well Adder - Prepare.vwk folder id : 7 model file id : 2016 recursive at '9/24/2018 4:32:03 PM' ==> Started.
2018/09/24 11:32:05.597 INFO  281 A.ca9303324ae27c9d224e829df918b1ee8.c6ae4a85f8bc1eee64ee593e8582f1fd3 - Get a Copy for model file : Petroleum Experts IVM Model Well Adder - Prepare.vwk folder id : 7 model file id : 2016 recursive at '9/24/2018 4:32:03 PM' ==> Completed. Took 00:00:00.636
2018/09/24 11:32:29.739 INFO  256 A.cdc551499db0039f956e1d0666bfd1504.ca3aa6b2f13c2c1bc9c646f6abf33ed07 - Changing service from :0 to HOUMSEOSIFM007:8787
2018/09/24 11:32:59.924 INFO  332 A.cdc551499db0039f956e1d0666bfd1504.ca3aa6b2f13c2c1bc9c646f6abf33ed07 - Changing service from :0 to HOUMSEOSIFM007:8787
2018/09/24 11:33:08.403 INFO  402 A.ca9303324ae27c9d224e829df918b1ee8.c6ae4a85f8bc1eee64ee593e8582f1fd3 - Get a Copy for model file : Petroleum Experts IVM Model Well Adder - Run.vwk folder id : 7 model file id : 2017 recursive at '9/24/2018 4:33:07 PM' ==> Started.
2018/09/24 11:33:09.154 INFO  402 A.ca9303324ae27c9d224e829df918b1ee8.c6ae4a85f8bc1eee64ee593e8582f1fd3 - Get a Copy for model file : Petroleum Experts IVM Model Well Adder - Run.vwk folder id : 7 model file id : 2017 recursive at '9/24/2018 4:33:07 PM' ==> Completed. Took 00:00:00.750
2018/09/24 11:34:00.152 INFO  356 A.cdc551499db0039f956e1d0666bfd1504.ca3aa6b2f13c2c1bc9c646f6abf33ed07 - Changing service from :0 to HOUMSEOSIFM007:8787
2018/09/24 11:34:30.200 INFO  262 A.cdc551499db0039f956e1d0666bfd1504.ca3aa6b2f13c2c1bc9c646f6abf33ed07 - Changing service from :0 to HOUMSEOSIFM007:8787
2018/09/24 11:35:30.179 INFO  89 A.cdc551499db0039f956e1d0666bfd1504.ca3aa6b2f13c2c1bc9c646f6abf33ed07 - Changing service from :0 to HOUMSEOSIFM007:8787
2018/09/24 11:36:00.145 INFO  298 A.cdc551499db0039f956e1d0666bfd1504.ca3aa6b2f13c2c1bc9c646f6abf33ed07 - Changing service from :0 to HOUMSEOSIFM007:8787
2018/09/24 11:36:30.189 INFO  241 A.cdc551499db0039f956e1d0666bfd1504.ca3aa6b2f13c2c1bc9c646f6abf33ed07 - Changing service from :0 to HOUMSEOSIFM007:8787
2018/09/24 11:37:00.174 INFO  275 A.cdc551499db0039f956e1d0666bfd1504.ca3aa6b2f13c2c1bc9c646f6abf33ed07 - Changing service from :0 to HOUMSEOSIFM007:8787
2018/09/24 11:37:30.141 INFO  146 A.cdc551499db0039f956e1d0666bfd1504.ca3aa6b2f13c2c1bc9c646f6abf33ed07 - Changing service from :0 to HOUMSEOSIFM007:8787
2018/09/24 11:38:00.189 INFO  441 A.cdc551499db0039f956e1d0666bfd1504.ca3aa6b2f13c2c1bc9c646f6abf33ed07 - Changing service from :0 to HOUMSEOSIFM007:8787
2018/09/24 11:38:31.330 INFO  206 A.cdc551499db0039f956e1d0666bfd1504.ca3aa6b2f13c2c1bc9c646f6abf33ed07 - Changing service from :0 to HOUMSEOSIFM007:8787
2018/09/24 11:39:00.210 INFO  65 A.cdc551499db0039f956e1d0666bfd1504.ca3aa6b2f13c2c1bc9c646f6abf33ed07 - Changing service from :0 to HOUMSEOSIFM007:8787
2018/09/24 11:39:30.185 INFO  61 A.cdc551499db0039f956e1d0666bfd1504.ca3aa6b2f13c2c1bc9c646f6abf33ed07 - Changing service from :0 to HOUMSEOSIFM007:8787
2018/09/24 11:40:00.204 INFO  165 A.cdc551499db0039f956e1d0666bfd1504.ca3aa6b2f13c2c1bc9c646f6abf33ed07 - Changing service from :0 to HOUMSEOSIFM007:8787
2018/09/24 11:40:30.205 INFO  219 A.cdc551499db0039f956e1d0666bfd1504.ca3aa6b2f13c2c1bc9c646f6abf33ed07 - Changing service from :0 to HOUMSEOSIFM007:8787
2018/09/24 11:41:00.188 INFO  426 A.cdc551499db0039f956e1d0666bfd1504.ca3aa6b2f13c2c1bc9c646f6abf33ed07 - Changing service from :0 to HOUMSEOSIFM007:8787
2018/09/24 11:41:31.410 INFO  330 A.cdc551499db0039f956e1d0666bfd1504.ca3aa6b2f13c2c1bc9c646f6abf33ed07 - Changing service from :0 to HOUMSEOSIFM007:8787
2018/09/24 11:42:01.382 INFO  238 A.cdc551499db0039f956e1d0666bfd1504.ca3aa6b2f13c2c1bc9c646f6abf33ed07 - Changing service from :0 to HOUMSEOSIFM007:8787
2018/09/24 11:42:31.381 INFO  277 A.cdc551499db0039f956e1d0666bfd1504.ca3aa6b2f13c2c1bc9c646f6abf33ed07 - Changing service from :0 to HOUMSEOSIFM007:8787
2018/09/24 11:43:02.427 INFO  376 A.cdc551499db0039f956e1d0666bfd1504.ca3aa6b2f13c2c1bc9c646f6abf33ed07 - Changing service from :0 to HOUMSEOSIFM007:8787
2018/09/24 11:43:32.392 INFO  61 A.cdc551499db0039f956e1d0666bfd1504.ca3aa6b2f13c2c1bc9c646f6abf33ed07 - Changing service from :0 to HOUMSEOSIFM007:8787
2018/09/24 11:44:06.536 INFO  387 A.cdc551499db0039f956e1d0666bfd1504.ca3aa6b2f13c2c1bc9c646f6abf33ed07 - Changing service from :0 to HOUMSEOSIFM007:8787
2018/09/24 11:44:33.155 INFO  107 A.cdc551499db0039f956e1d0666bfd1504.ca3aa6b2f13c2c1bc9c646f6abf33ed07 - Changing service from :0 to HOUMSEOSIFM007:8787
2018/09/24 11:45:02.799 INFO  181 A.cdc551499db0039f956e1d0666bfd1504.ca3aa6b2f13c2c1bc9c646f6abf33ed07 - Changing service from :0 to HOUMSEOSIFM007:8787
2018/09/24 11:45:32.988 INFO  368 A.cdc551499db0039f956e1d0666bfd1504.ca3aa6b2f13c2c1bc9c646f6abf33ed07 - Changing service from :0 to HOUMSEOSIFM007:8787
2018/09/24 11:46:02.419 INFO  324 A.cdc551499db0039f956e1d0666bfd1504.ca3aa6b2f13c2c1bc9c646f6abf33ed07 - Changing service from :0 to HOUMSEOSIFM007:8787
2018/09/24 11:46:32.395 INFO  376 A.cdc551499db0039f956e1d0666bfd1504.ca3aa6b2f13c2c1bc9c646f6abf33ed07 - Changing service from :0 to HOUMSEOSIFM007:8787
2018/09/24 11:47:02.410 INFO  280 A.cdc551499db0039f956e1d0666bfd1504.ca3aa6b2f13c2c1bc9c646f6abf33ed07 - Changing service from :0 to HOUMSEOSIFM007:8787
2018/09/24 11:47:32.409 INFO  348 A.cdc551499db0039f956e1d0666bfd1504.ca3aa6b2f13c2c1bc9c646f6abf33ed07 - Changing service from :0 to HOUMSEOSIFM007:8787
2018/09/24 11:48:02.414 INFO  104 A.cdc551499db0039f956e1d0666bfd1504.ca3aa6b2f13c2c1bc9c646f6abf33ed07 - Changing service from :0 to HOUMSEOSIFM007:8787
2018/09/24 11:48:37.531 INFO  126 A.cdc551499db0039f956e1d0666bfd1504.ca3aa6b2f13c2c1bc9c646f6abf33ed07 - Changing service from :0 to HOUMSEOSIFM007:8787
2018/09/24 11:49:02.422 INFO  410 A.cdc551499db0039f956e1d0666bfd1504.ca3aa6b2f13c2c1bc9c646f6abf33ed07 - Changing service from :0 to HOUMSEOSIFM007:8787
2018/09/24 11:49:35.045 INFO  289 A.cdc551499db0039f956e1d0666bfd1504.ca3aa6b2f13c2c1bc9c646f6abf33ed07 - Changing service from :0 to HOUMSEOSIFM007:8787
2018/09/24 11:50:05.065 INFO  247 A.cdc551499db0039f956e1d0666bfd1504.ca3aa6b2f13c2c1bc9c646f6abf33ed07 - Changing service from :0 to HOUMSEOSIFM007:8787
2018/09/24 11:50:35.041 INFO  348 A.cdc551499db0039f956e1d0666bfd1504.ca3aa6b2f13c2c1bc9c646f6abf33ed07 - Changing service from :0 to HOUMSEOSIFM007:8787
2018/09/24 11:51:05.794 INFO  256 A.cdc551499db0039f956e1d0666bfd1504.ca3aa6b2f13c2c1bc9c646f6abf33ed07 - Changing service from :0 to HOUMSEOSIFM007:8787
2018/09/24 11:51:35.026 INFO  340 A.cdc551499db0039f956e1d0666bfd1504.ca3aa6b2f13c2c1bc9c646f6abf33ed07 - Changing service from :0 to HOUMSEOSIFM007:8787
2018/09/24 11:52:05.057 INFO  122 A.cdc551499db0039f956e1d0666bfd1504.ca3aa6b2f13c2c1bc9c646f6abf33ed07 - Changing service from :0 to HOUMSEOSIFM007:8787
2018/09/24 11:52:36.284 INFO  441 A.cdc551499db0039f956e1d0666bfd1504.ca3aa6b2f13c2c1bc9c646f6abf33ed07 - Changing service from :0 to HOUMSEOSIFM007:8787
2018/09/24 11:53:05.057 INFO  298 A.cdc551499db0039f956e1d0666bfd1504.ca3aa6b2f13c2c1bc9c646f6abf33ed07 - Changing service from :0 to HOUMSEOSIFM007:8787
2018/09/24 11:53:35.048 INFO  261 A.cdc551499db0039f956e1d0666bfd1504.ca3aa6b2f13c2c1bc9c646f6abf33ed07 - Changing service from :0 to HOUMSEOSIFM007:8787
2018/09/24 11:54:05.046 INFO  410 A.cdc551499db0039f956e1d0666bfd1504.ca3aa6b2f13c2c1bc9c646f6abf33ed07 - Changing service from :0 to HOUMSEOSIFM007:8787
2018/09/24 11:54:36.357 INFO  358 A.cdc551499db0039f956e1d0666bfd1504.ca3aa6b2f13c2c1bc9c646f6abf33ed07 - Changing service from :0 to HOUMSEOSIFM007:8787
2018/09/24 11:55:06.373 INFO  109 A.cdc551499db0039f956e1d0666bfd1504.ca3aa6b2f13c2c1bc9c646f6abf33ed07 - Changing service from :0 to HOUMSEOSIFM007:8787
2018/09/24 11:55:36.340 INFO  53 A.cdc551499db0039f956e1d0666bfd1504.ca3aa6b2f13c2c1bc9c646f6abf33ed07 - Changing service from :0 to HOUMSEOSIFM007:8787
2018/09/24 11:56:07.476 INFO  53 A.cdc551499db0039f956e1d0666bfd1504.ca3aa6b2f13c2c1bc9c646f6abf33ed07 - Changing service from :0 to HOUMSEOSIFM007:8787
2018/09/24 11:56:36.329 INFO  254 A.cdc551499db0039f956e1d0666bfd1504.ca3aa6b2f13c2c1bc9c646f6abf33ed07 - Changing service from :0 to HOUMSEOSIFM007:8787
2018/09/24 11:57:06.318 INFO  346 A.cdc551499db0039f956e1d0666bfd1504.ca3aa6b2f13c2c1bc9c646f6abf33ed07 - Changing service from :0 to HOUMSEOSIFM007:8787
2018/09/24 11:57:37.176 INFO  68 A.cdc551499db0039f956e1d0666bfd1504.ca3aa6b2f13c2c1bc9c646f6abf33ed07 - Changing service from :0 to HOUMSEOSIFM007:8787
2018/09/24 11:58:07.755 INFO  280 A.cdc551499db0039f956e1d0666bfd1504.ca3aa6b2f13c2c1bc9c646f6abf33ed07 - Changing service from :0 to HOUMSEOSIFM007:8787
2018/09/24 11:58:37.175 INFO  322 A.cdc551499db0039f956e1d0666bfd1504.ca3aa6b2f13c2c1bc9c646f6abf33ed07 - Changing service from :0 to HOUMSEOSIFM007:8787
2018/09/24 11:59:07.194 INFO  176 A.cdc551499db0039f956e1d0666bfd1504.ca3aa6b2f13c2c1bc9c646f6abf33ed07 - Changing service from :0 to HOUMSEOSIFM007:8787
2018/09/24 11:59:37.166 INFO  445 A.cdc551499db0039f956e1d0666bfd1504.ca3aa6b2f13c2c1bc9c646f6abf33ed07 - Changing service from :0 to HOUMSEOSIFM007:8787
2018/09/24 12:00:07.235 INFO  269 A.cdc551499db0039f956e1d0666bfd1504.ca3aa6b2f13c2c1bc9c646f6abf33ed07 - Changing service from :0 to HOUMSEOSIFM007:8787
2018/09/24 12:00:38.437 INFO  299 A.cdc551499db0039f956e1d0666bfd1504.ca3aa6b2f13c2c1bc9c646f6abf33ed07 - Changing service from :0 to HOUMSEOSIFM007:8787
2018/09/24 12:01:07.190 INFO  324 A.cdc551499db0039f956e1d0666bfd1504.ca3aa6b2f13c2c1bc9c646f6abf33ed07 - Changing service from :0 to HOUMSEOSIFM007:8787
2018/09/24 12:01:37.146 INFO  330 A.cdc551499db0039f956e1d0666bfd1504.ca3aa6b2f13c2c1bc9c646f6abf33ed07 - Changing service from :0 to HOUMSEOSIFM007:8787
2018/09/24 12:02:07.187 INFO  372 A.cdc551499db0039f956e1d0666bfd1504.ca3aa6b2f13c2c1bc9c646f6abf33ed07 - Changing service from :0 to HOUMSEOSIFM007:8787
2018/09/24 12:02:37.165 INFO  55 A.cdc551499db0039f956e1d0666bfd1504.ca3aa6b2f13c2c1bc9c646f6abf33ed07 - Changing service from :0 to HOUMSEOSIFM007:8787
2018/09/24 12:03:07.220 INFO  154 A.cdc551499db0039f956e1d0666bfd1504.ca3aa6b2f13c2c1bc9c646f6abf33ed07 - Changing service from :0 to HOUMSEOSIFM007:8787
2018/09/24 12:03:37.206 INFO  91 A.cdc551499db0039f956e1d0666bfd1504.ca3aa6b2f13c2c1bc9c646f6abf33ed07 - Changing service from :0 to HOUMSEOSIFM007:8787
2018/09/24 12:04:07.184 INFO  372 A.cdc551499db0039f956e1d0666bfd1504.ca3aa6b2f13c2c1bc9c646f6abf33ed07 - Changing service from :0 to HOUMSEOSIFM007:8787
2018/09/24 12:04:39.823 INFO  344 A.cdc551499db0039f956e1d0666bfd1504.ca3aa6b2f13c2c1bc9c646f6abf33ed07 - Changing service from :0 to HOUMSEOSIFM007:8787
2018/09/24 12:05:07.266 INFO  372 A.cdc551499db0039f956e1d0666bfd1504.ca3aa6b2f13c2c1bc9c646f6abf33ed07 - Changing service from :0 to HOUMSEOSIFM007:8787
2018/09/24 12:05:39.624 INFO  177 A.cdc551499db0039f956e1d0666bfd1504.ca3aa6b2f13c2c1bc9c646f6abf33ed07 - Changing service from :0 to HOUMSEOSIFM007:8787
2018/09/24 12:06:07.206 INFO  330 A.cdc551499db0039f956e1d0666bfd1504.ca3aa6b2f13c2c1bc9c646f6abf33ed07 - Changing service from :0 to HOUMSEOSIFM007:8787
2018/09/24 12:06:37.251 INFO  330 A.cdc551499db0039f956e1d0666bfd1504.ca3aa6b2f13c2c1bc9c646f6abf33ed07 - Changing service from :0 to HOUMSEOSIFM007:8787
2018/09/24 12:07:07.439 INFO  200 A.cdc551499db0039f956e1d0666bfd1504.ca3aa6b2f13c2c1bc9c646f6abf33ed07 - Changing service from :0 to HOUMSEOSIFM007:8787
2018/09/24 12:07:07.542 INFO  238 A.cdc551499db0039f956e1d0666bfd1504.ca3aa6b2f13c2c1bc9c646f6abf33ed07 - Changing service from :0 to HOUMSEOSIFM007:8787
2018/09/24 12:07:08.534 INFO  427 A.cdc551499db0039f956e1d0666bfd1504.ca3aa6b2f13c2c1bc9c646f6abf33ed07 - Changing service from :0 to HOUMSEOSIFM007:8787
2018/09/24 12:07:37.480 INFO  257 A.cdc551499db0039f956e1d0666bfd1504.ca3aa6b2f13c2c1bc9c646f6abf33ed07 - Changing service from :0 to HOUMSEOSIFM007:8787
2018/09/24 12:08:07.493 INFO  429 A.cdc551499db0039f956e1d0666bfd1504.ca3aa6b2f13c2c1bc9c646f6abf33ed07 - Changing service from :0 to HOUMSEOSIFM007:8787
2018/09/24 12:08:37.493 INFO  381 A.cdc551499db0039f956e1d0666bfd1504.ca3aa6b2f13c2c1bc9c646f6abf33ed07 - Changing service from :0 to HOUMSEOSIFM007:8787
2018/09/24 12:09:07.455 INFO  171 A.cdc551499db0039f956e1d0666bfd1504.ca3aa6b2f13c2c1bc9c646f6abf33ed07 - Changing service from :0 to HOUMSEOSIFM007:8787
2018/09/24 12:09:37.513 INFO  337 A.cdc551499db0039f956e1d0666bfd1504.ca3aa6b2f13c2c1bc9c646f6abf33ed07 - Changing service from :0 to HOUMSEOSIFM007:8787
2018/09/24 12:10:07.782 INFO  376 A.cdc551499db0039f956e1d0666bfd1504.ca3aa6b2f13c2c1bc9c646f6abf33ed07 - Changing service from :0 to HOUMSEOSIFM007:8787
2018/09/24 12:10:37.749 INFO  319 A.cdc551499db0039f956e1d0666bfd1504.ca3aa6b2f13c2c1bc9c646f6abf33ed07 - Changing service from :0 to HOUMSEOSIFM007:8787
2018/09/24 12:11:07.792 INFO  336 A.cdc551499db0039f956e1d0666bfd1504.ca3aa6b2f13c2c1bc9c646f6abf33ed07 - Changing service from :0 to HOUMSEOSIFM007:8787
2018/09/24 12:11:37.782 INFO  299 A.cdc551499db0039f956e1d0666bfd1504.ca3aa6b2f13c2c1bc9c646f6abf33ed07 - Changing service from :0 to HOUMSEOSIFM007:8787
2018/09/24 12:12:07.766 INFO  198 A.cdc551499db0039f956e1d0666bfd1504.ca3aa6b2f13c2c1bc9c646f6abf33ed07 - Changing service from :0 to HOUMSEOSIFM007:8787
2018/09/24 12:12:37.750 INFO  195 A.cdc551499db0039f956e1d0666bfd1504.ca3aa6b2f13c2c1bc9c646f6abf33ed07 - Changing service from :0 to HOUMSEOSIFM007:8787
2018/09/24 12:13:07.799 INFO  142 A.cdc551499db0039f956e1d0666bfd1504.ca3aa6b2f13c2c1bc9c646f6abf33ed07 - Changing service from :0 to HOUMSEOSIFM007:8787
2018/09/24 12:13:37.764 INFO  324 A.cdc551499db0039f956e1d0666bfd1504.ca3aa6b2f13c2c1bc9c646f6abf33ed07 - Changing service from :0 to HOUMSEOSIFM007:8787
2018/09/24 12:14:07.757 INFO  432 A.cdc551499db0039f956e1d0666bfd1504.ca3aa6b2f13c2c1bc9c646f6abf33ed07 - Changing service from :0 to HOUMSEOSIFM007:8787
2018/09/24 12:14:37.755 INFO  215 A.cdc551499db0039f956e1d0666bfd1504.ca3aa6b2f13c2c1bc9c646f6abf33ed07 - Changing service from :0 to HOUMSEOSIFM007:8787
2018/09/24 12:15:07.796 INFO  240 A.cdc551499db0039f956e1d0666bfd1504.ca3aa6b2f13c2c1bc9c646f6abf33ed07 - Changing service from :0 to HOUMSEOSIFM007:8787
2018/09/24 12:15:37.801 INFO  200 A.cdc551499db0039f956e1d0666bfd1504.ca3aa6b2f13c2c1bc9c646f6abf33ed07 - Changing service from :0 to HOUMSEOSIFM007:8787
2018/09/24 12:16:07.787 INFO  390 A.cdc551499db0039f956e1d0666bfd1504.ca3aa6b2f13c2c1bc9c646f6abf33ed07 - Changing service from :0 to HOUMSEOSIFM007:8787
2018/09/24 12:16:37.754 INFO  88 A.cdc551499db0039f956e1d0666bfd1504.ca3aa6b2f13c2c1bc9c646f6abf33ed07 - Changing service from :0 to HOUMSEOSIFM007:8787
2018/09/24 12:17:07.763 INFO  429 A.cdc551499db0039f956e1d0666bfd1504.ca3aa6b2f13c2c1bc9c646f6abf33ed07 - Changing service from :0 to HOUMSEOSIFM007:8787
2018/09/24 12:17:37.764 INFO  98 A.cdc551499db0039f956e1d0666bfd1504.ca3aa6b2f13c2c1bc9c646f6abf33ed07 - Changing service from :0 to HOUMSEOSIFM007:8787
2018/09/24 12:18:07.758 INFO  175 A.cdc551499db0039f956e1d0666bfd1504.ca3aa6b2f13c2c1bc9c646f6abf33ed07 - Changing service from :0 to HOUMSEOSIFM007:8787
2018/09/24 12:18:37.768 INFO  124 A.cdc551499db0039f956e1d0666bfd1504.ca3aa6b2f13c2c1bc9c646f6abf33ed07 - Changing service from :0 to HOUMSEOSIFM007:8787
2018/09/24 12:19:07.792 INFO  143 A.cdc551499db0039f956e1d0666bfd1504.ca3aa6b2f13c2c1bc9c646f6abf33ed07 - Changing service from :0 to HOUMSEOSIFM007:8787
2018/09/24 12:19:37.775 INFO  108 A.cdc551499db0039f956e1d0666bfd1504.ca3aa6b2f13c2c1bc9c646f6abf33ed07 - Changing service from :0 to HOUMSEOSIFM007:8787
2018/09/24 12:20:07.809 INFO  181 A.cdc551499db0039f956e1d0666bfd1504.ca3aa6b2f13c2c1bc9c646f6abf33ed07 - Changing service from :0 to HOUMSEOSIFM007:8787
2018/09/24 12:20:37.778 INFO  372 A.cdc551499db0039f956e1d0666bfd1504.ca3aa6b2f13c2c1bc9c646f6abf33ed07 - Changing service from :0 to HOUMSEOSIFM007:8787
2018/09/24 12:21:07.805 INFO  324 A.cdc551499db0039f956e1d0666bfd1504.ca3aa6b2f13c2c1bc9c646f6abf33ed07 - Changing service from :0 to HOUMSEOSIFM007:8787
2018/09/24 12:21:37.767 INFO  387 A.cdc551499db0039f956e1d0666bfd1504.ca3aa6b2f13c2c1bc9c646f6abf33ed07 - Changing service from :0 to HOUMSEOSIFM007:8787
2018/09/24 12:22:07.807 INFO  184 A.cdc551499db0039f956e1d0666bfd1504.ca3aa6b2f13c2c1bc9c646f6abf33ed07 - Changing service from :0 to HOUMSEOSIFM007:8787
2018/09/24 12:22:37.766 INFO  7 A.cdc551499db0039f956e1d0666bfd1504.ca3aa6b2f13c2c1bc9c646f6abf33ed07 - Changing service from :0 to HOUMSEOSIFM007:8787
2018/09/24 12:23:07.793 INFO  121 A.cdc551499db0039f956e1d0666bfd1504.ca3aa6b2f13c2c1bc9c646f6abf33ed07 - Changing service from :0 to HOUMSEOSIFM007:8787
2018/09/24 12:23:37.807 INFO  406 A.cdc551499db0039f956e1d0666bfd1504.ca3aa6b2f13c2c1bc9c646f6abf33ed07 - Changing service from :0 to HOUMSEOSIFM007:8787
2018/09/24 12:24:07.816 INFO  288 A.cdc551499db0039f956e1d0666bfd1504.ca3aa6b2f13c2c1bc9c646f6abf33ed07 - Changing service from :0 to HOUMSEOSIFM007:8787
2018/09/24 12:24:37.798 INFO  429 A.cdc551499db0039f956e1d0666bfd1504.ca3aa6b2f13c2c1bc9c646f6abf33ed07 - Changing service from :0 to HOUMSEOSIFM007:8787
2018/09/24 12:25:09.797 INFO  287 A.cdc551499db0039f956e1d0666bfd1504.ca3aa6b2f13c2c1bc9c646f6abf33ed07 - Changing service from :0 to HOUMSEOSIFM007:8787
2018/09/24 12:25:39.754 INFO  55 A.cdc551499db0039f956e1d0666bfd1504.ca3aa6b2f13c2c1bc9c646f6abf33ed07 - Changing service from :0 to HOUMSEOSIFM007:8787
2018/09/24 12:26:09.775 INFO  126 A.cdc551499db0039f956e1d0666bfd1504.ca3aa6b2f13c2c1bc9c646f6abf33ed07 - Changing service from :0 to HOUMSEOSIFM007:8787
2018/09/24 12:26:39.769 INFO  339 A.cdc551499db0039f956e1d0666bfd1504.ca3aa6b2f13c2c1bc9c646f6abf33ed07 - Changing service from :0 to HOUMSEOSIFM007:8787
2018/09/24 12:27:09.802 INFO  171 A.cdc551499db0039f956e1d0666bfd1504.ca3aa6b2f13c2c1bc9c646f6abf33ed07 - Changing service from :0 to HOUMSEOSIFM007:8787
2018/09/24 12:27:41.445 INFO  441 A.cdc551499db0039f956e1d0666bfd1504.ca3aa6b2f13c2c1bc9c646f6abf33ed07 - Changing service from :0 to HOUMSEOSIFM007:8787
2018/09/24 12:28:09.797 INFO  377 A.cdc551499db0039f956e1d0666bfd1504.ca3aa6b2f13c2c1bc9c646f6abf33ed07 - Changing service from :0 to HOUMSEOSIFM007:8787
2018/09/24 12:28:39.794 INFO  408 A.cdc551499db0039f956e1d0666bfd1504.ca3aa6b2f13c2c1bc9c646f6abf33ed07 - Changing service from :0 to HOUMSEOSIFM007:8787
2018/09/24 12:29:09.813 INFO  264 A.cdc551499db0039f956e1d0666bfd1504.ca3aa6b2f13c2c1bc9c646f6abf33ed07 - Changing service from :0 to HOUMSEOSIFM007:8787
2018/09/24 12:29:39.764 INFO  126 A.cdc551499db0039f956e1d0666bfd1504.ca3aa6b2f13c2c1bc9c646f6abf33ed07 - Changing service from :0 to HOUMSEOSIFM007:8787
2018/09/24 12:30:09.799 INFO  429 A.cdc551499db0039f956e1d0666bfd1504.ca3aa6b2f13c2c1bc9c646f6abf33ed07 - Changing service from :0 to HOUMSEOSIFM007:8787
2018/09/24 12:30:39.821 INFO  429 A.cdc551499db0039f956e1d0666bfd1504.ca3aa6b2f13c2c1bc9c646f6abf33ed07 - Changing service from :0 to HOUMSEOSIFM007:8787
2018/09/24 12:31:16.233 INFO  336 A.cdc551499db0039f956e1d0666bfd1504.ca3aa6b2f13c2c1bc9c646f6abf33ed07 - Changing service from :0 to HOUMSEOSIFM007:8787
2018/09/24 12:31:44.493 INFO  218 A.cdc551499db0039f956e1d0666bfd1504.ca3aa6b2f13c2c1bc9c646f6abf33ed07 - Changing service from :0 to HOUMSEOSIFM007:8787
2018/09/24 12:32:09.800 INFO  218 A.cdc551499db0039f956e1d0666bfd1504.ca3aa6b2f13c2c1bc9c646f6abf33ed07 - Changing service from :0 to HOUMSEOSIFM007:8787
2018/09/24 12:32:39.799 INFO  437 A.cdc551499db0039f956e1d0666bfd1504.ca3aa6b2f13c2c1bc9c646f6abf33ed07 - Changing service from :0 to HOUMSEOSIFM007:8787
2018/09/24 13:31:30.917 INFO  262 A.ca9303324ae27c9d224e829df918b1ee8.c6ae4a85f8bc1eee64ee593e8582f1fd3 - Check Out for model file : Petroleum Experts IVM Model Well Adder - Run.vwk folder id : 7 model file id : 2017 recursive at '9/24/2018 6:31:09 PM' ==> Started.
2018/09/24 13:31:31.692 INFO  262 A.c4470f4755928c36006ee765342f69f7f.c7b3939ca30a6fdd77ba7c57a2626e798 - CheckOut returning 1 versions
2018/09/24 13:31:31.726 INFO  262 A.ca9303324ae27c9d224e829df918b1ee8.c6ae4a85f8bc1eee64ee593e8582f1fd3 - Check Out for model file : Petroleum Experts IVM Model Well Adder - Run.vwk folder id : 7 model file id : 2017 recursive at '9/24/2018 6:31:09 PM' ==> Completed. Took 00:00:00.811
2018/09/24 13:31:42.256 INFO  262 A.ca9303324ae27c9d224e829df918b1ee8.c6ae4a85f8bc1eee64ee593e8582f1fd3 - Check In for model file : Petroleum Experts IVM Model Well Adder - Run.vwk folder id : 7 model file id : 2017 recursive at '9/24/2018 6:31:09 PM' ==> Started.
2018/09/24 13:31:50.024 INFO  262 A.cc1eda933be2f908ef7cc4095fd7c0265.c0af5fec058a1eb518acdbd0656791883 - MaxDegreeOfParallelism = 20
2018/09/24 13:31:50.515 INFO  262 A.ca9303324ae27c9d224e829df918b1ee8.c6ae4a85f8bc1eee64ee593e8582f1fd3 - Check In for model file : Petroleum Experts IVM Model Well Adder - Run.vwk folder id : 7 model file id : 2017 recursive at '9/24/2018 6:31:09 PM' ==> Completed. Took 00:00:08.259
2018/09/24 13:31:57.040 INFO  262 A.ca9303324ae27c9d224e829df918b1ee8.c6ae4a85f8bc1eee64ee593e8582f1fd3 - Get a Copy for model file : Petroleum Experts IVM Model Well Adder - Run.vwk folder id : 7 model file id : 2017 recursive at '9/24/2018 6:31:56 PM' ==> Started.
2018/09/24 13:31:57.691 INFO  262 A.cb4ba194f9cec8b7250db44bbb7d505e0.c9c5543da23ce6131a185d2f0b5b53485 - MaxDegreeOfParallelism = 20
2018/09/24 13:31:58.017 INFO  262 A.ca9303324ae27c9d224e829df918b1ee8.c6ae4a85f8bc1eee64ee593e8582f1fd3 - Get a Copy for model file : Petroleum Experts IVM Model Well Adder - Run.vwk folder id : 7 model file id : 2017 recursive at '9/24/2018 6:31:56 PM' ==> Completed. Took 00:00:00.977
2018/09/24 16:30:28.108 INFO  159 A.cdc551499db0039f956e1d0666bfd1504.ca3aa6b2f13c2c1bc9c646f6abf33ed07 - Changing service from :0 to HOUMSEOSIFM007:8787
2018/09/24 16:30:28.198 INFO  185 A.cdc551499db0039f956e1d0666bfd1504.ca3aa6b2f13c2c1bc9c646f6abf33ed07 - Changing service from :0 to HOUMSEOSIFM007:8787
2018/09/24 16:30:29.595 INFO  159 A.cdc551499db0039f956e1d0666bfd1504.ca3aa6b2f13c2c1bc9c646f6abf33ed07 - Changing service from :0 to HOUMSEOSIFM007:8787
2018/09/24 16:30:47.498 INFO  432 A.cdc551499db0039f956e1d0666bfd1504.ca3aa6b2f13c2c1bc9c646f6abf33ed07 - Changing service from :0 to HOUMSEOSIFM007:8787
2018/09/24 16:32:48.790 INFO  216 A.cdc551499db0039f956e1d0666bfd1504.ca3aa6b2f13c2c1bc9c646f6abf33ed07 - Changing service from :0 to HOUMSEOSIFM007:8787
